Keyword import 1:1
Identifier java 1:8
Operator . 1:9
Identifier util 1:13
Operator . 1:14
Identifier Arrays 1:20
Semicolon ; 1:24
Keyword import 2:1
Identifier java 2:8
Operator . 2:9
Identifier util 2:13
Operator . 2:14
Identifier Scanner 2:21
Semicolon ; 2:25
Keyword class 4:1
Identifier Main 4:7
OpenBracket { 4:12
Identifier Scanner 6:3
Identifier input 6:11
Operator = 6:17
Keyword new 6:19
Identifier Scanner 6:23
Operator ( 6:30
Identifier System 6:31
Operator . 6:32
Identifier in 6:34
Operator ) 6:40
Semicolon ; 6:41
Type void 8:3
Identifier bubbleSort 8:8
Operator ( 8:18
Type int 8:19
Identifier array 8:23
Operator [ 8:28
Operator ] 8:29
Operator ) 8:30
OpenBracket { 8:31
Type int 9:5
Identifier size 9:9
Operator = 9:14
Identifier array 9:16
Operator . 9:17
Identifier length 9:23
Semicolon ; 9:28
Identifier System 11:5
Operator . 11:6
Identifier out 11:9
Operator . 11:10
Identifier println 11:17
Operator ( 11:23
Value "Choose Sorting 
    for
    ()
    Order:" 11:24
Operator ) 14:2
Semicolon ; 14:3
Identifier System 15:5
Operator . 15:6
Identifier out 15:9
Operator . 15:10
Identifier println 15:17
Operator ( 15:23
Value "1 for Ascending \n2 for Descending" 15:24
Operator ) 15:25
Semicolon ; 15:26
Type int 16:5
Identifier sortOrder 16:9
Operator = 16:19
Identifier input 16:21
Operator . 16:22
Identifier nextInt 16:29
Operator ( 16:34
Operator ) 16:35
Semicolon ; 16:36
Keyword for 18:5
Operator ( 18:9
Type int 18:10
Identifier i 18:14
Operator = 18:16
Value 0 18:18
Semicolon ; 18:19
Identifier i 18:21
Operator < 18:23
Identifier size 18:25
Operator - 18:30
Value 1 18:32
Semicolon ; 18:33
Identifier i 18:35
Operator ++ 18:36
Operator ) 18:38
Keyword for 18:39
Operator ( 18:43
Type int 18:44
Identifier j 18:48
Operator = 18:50
Value 0 18:52
Semicolon ; 18:53
Identifier j 18:55
Operator < 18:57
Identifier size 18:59
Operator - 18:64
Identifier i 18:66
Operator - 18:68
Value 1 18:70
Semicolon ; 18:71
Identifier j 18:73
Operator ++ 18:74
Operator ) 18:76
Keyword if 18:77
Operator ( 18:79
Identifier sortOrder 18:80
Operator == 18:89
Value 1 18:91
Operator ) 18:92
OpenBracket { 18:93
Keyword if 18:94
Operator ( 18:96
Identifier array 18:97
Operator [ 18:102
Identifier j 18:103
Operator ] 18:104
Operator > 18:105
Identifier array 18:106
Operator [ 18:111
Identifier j 18:112
Operator + 18:114
Value 1 18:116
Operator ] 18:117
Operator ) 18:118
OpenBracket { 18:120
Type int 19:13
Identifier temp 19:17
Operator = 19:22
Identifier array 19:24
Operator [ 19:29
Identifier j 19:30
Operator ] 19:31
Semicolon ; 19:32
Identifier array 20:13
Operator [ 20:18
Identifier j 20:19
Operator ] 20:20
Operator = 20:22
Identifier array 20:24
Operator [ 20:29
Identifier j 20:30
Operator + 20:32
Value 1 20:34
Operator ] 20:35
Semicolon ; 20:36
Identifier array 21:13
Operator [ 21:18
Identifier j 21:19
Operator + 21:21
Value 1 21:23
Operator ] 21:24
Operator = 21:26
Identifier temp 21:28
Semicolon ; 21:32
CloseBracket } 22:11
CloseBracket } 22:12
Keyword else 24:9
OpenBracket { 24:14
Keyword if 25:11
Operator ( 25:14
Identifier array 25:15
Operator [ 25:20
Identifier j 25:21
Operator ] 25:22
Operator < 25:24
Identifier array 25:26
Operator [ 25:31
Identifier j 25:32
Operator + 25:34
Value 1 25:36
Operator ] 25:37
Operator ) 25:38
OpenBracket { 25:40
Type int 27:13
Identifier temp 27:17
Operator = 27:22
Identifier array 27:24
Operator [ 27:29
Identifier j 27:30
Operator ] 27:31
Semicolon ; 27:32
Identifier array 28:13
Operator [ 28:18
Identifier j 28:19
Operator ] 28:20
Operator = 28:22
Identifier array 28:24
Operator [ 28:29
Identifier j 28:30
Operator + 28:32
Value 1 28:34
Operator ] 28:35
Semicolon ; 28:36
Identifier array 29:13
Operator [ 29:18
Identifier j 29:19
Operator + 29:21
Value 1 29:23
Operator ] 29:24
Operator = 29:26
Identifier temp 29:28
Semicolon ; 29:32
CloseBracket } 30:11
CloseBracket } 31:9
CloseBracket } 33:3
AccessModifier public 35:3
Keyword static 35:10
Type void 35:17
Identifier main 35:22
Operator ( 35:26
Identifier String 35:27
Identifier args 35:34
Operator [ 35:38
Operator ] 35:39
Operator ) 35:40
OpenBracket { 35:42
Type int 37:5
Operator [ 37:8
Operator ] 37:9
Identifier data 37:11
Operator = 37:16
OpenBracket { 37:18
Value -2 37:20
Comma , 37:22
Value 45 37:24
Comma , 37:26
Value 0 37:28
Comma , 37:29
Value 11 37:31
Comma , 37:33
Value -9 37:35
CloseBracket } 37:38
Semicolon ; 37:39
Identifier Main 37:40
Identifier bs 37:45
Operator = 37:48
Keyword new 37:50
Identifier Main 37:54
Operator ( 37:58
Operator ) 37:59
Semicolon ; 37:60
Identifier bs 38:5
Operator . 38:6
Identifier bubbleSort 38:16
Operator ( 38:18
Identifier data 38:19
Operator ) 38:23
Semicolon ; 38:24
Identifier System 39:5
Operator . 39:6
Identifier out 39:9
Operator . 39:10
Identifier println 39:17
Operator ( 39:23
Value "Sorted Array in Ascending Order:" 39:24
Operator ) 39:25
Semicolon ; 39:26
Identifier System 40:5
Operator . 40:6
Identifier out 40:9
Operator . 40:10
Identifier println 40:17
Operator ( 40:23
Identifier Arrays 40:24
Operator . 40:25
Identifier toString 40:33
Operator ( 40:39
Identifier data 40:40
Operator ) 40:44
Operator ) 40:45
Semicolon ; 40:46
CloseBracket } 41:3
CloseBracket } 42:1
