AccessModifier public 1:1
Keyword Class 1:8
Identifier Reverse 1:14
OpenBracket { 1:22
AccessModifier public 3:3
Keyword static 3:10
Type void 3:17
Identifier main 3:22
Operator ( 3:26
Identifier String 3:27
Operator [ 3:33
Operator ] 3:34
Identifier args 3:36
Operator ) 3:40
OpenBracket { 3:42
Identifier String 4:5
Identifier sentence 4:12
Operator = 4:21
Value "Go work" 4:23
Semicolon ; 4:24
Identifier Double 5:5
Identifier a 5:12
Semicolon ; 5:13
Identifier String 6:5
Identifier reversed 6:12
Operator = 6:21
Identifier reverse 6:23
Operator ( 6:30
Identifier sentence 6:31
Operator ) 6:39
Semicolon ; 6:40
Identifier System 7:5
Operator . 7:6
Identifier out 7:9
Operator . 7:10
Identifier println 7:17
Operator ( 7:23
Value "The reversed sentence is: " 7:24
Operator + 7:26
Identifier reversed 7:28
Operator ) 7:36
Semicolon ; 7:37
CloseBracket } 8:3
AccessModifier public 10:3
Keyword static 10:10
Identifier String 10:17
Identifier reverse 10:24
Operator ( 10:31
Identifier String 10:32
Identifier sentence 10:39
Operator ) 10:47
OpenBracket { 10:49
Identifier System 11:7
Operator . 11:8
Identifier out 11:11
Operator . 11:12
Identifier println 11:19
Operator ( 11:25
Identifier The 11:26
Identifier reversed 11:30
Identifier sentence 11:39
Identifier is: 11:48
Operator + 11:53
Identifier reversed 11:55
Operator ) 11:63
Semicolon ; 11:64
Keyword if 12:5
Operator ( 12:8
Identifier sentence 12:9
Operator . 12:10
Identifier isEmpty 12:17
Operator ( 12:25
Operator ) 12:26
Operator ) 12:27
Keyword return 12:28
Identifier sentence 12:35
Semicolon ; 12:43
Keyword return 12:44
Identifier reverse 12:51
Operator ( 12:58
Identifier sentence 12:59
Operator . 12:60
Identifier substring 12:69
Operator ( 12:77
Value 1 12:78
Operator ) 12:79
Operator ) 12:80
Operator + 12:82
Identifier sentence 12:84
Operator . 12:85
Identifier charAt 12:91
Operator ( 12:99
Value 0 12:100
Operator ) 12:101
Semicolon ; 12:102
CloseBracket } 13:3
CloseBracket } 14:1
