AccessModifier public 1:1
Type void 1:8
Identifier afterPropertiesSet 1:13
Operator ( 1:31
Operator ) 1:32
Keyword throws 1:34
Identifier Exception 1:41
OpenBracket { 1:51
Identifier ClassPathResource 2:3
Identifier resource 2:21
Operator = 2:30
Keyword new 2:32
Identifier ClassPathResource 2:36
Operator ( 2:53
Value "logo.png" 2:54
Operator ) 2:55
Semicolon ; 2:56
Identifier ImageIcon 3:3
Identifier icon 3:13
Operator = 3:18
Keyword new 3:20
Identifier ImageIcon 3:24
Operator ( 3:33
Identifier resource 3:34
Operator . 3:35
Identifier getURL 3:41
Operator ( 3:49
Operator ) 3:50
Operator ) 3:51
Semicolon ; 3:52
Identifier JLabel 4:3
Identifier logo 4:10
Operator = 4:15
Keyword new 4:17
Identifier JLabel 4:21
Operator ( 4:27
Identifier icon 4:28
Operator ) 4:32
Semicolon ; 4:33
Identifier saveButton 5:3
Operator = 5:14
Keyword new 5:16
Identifier JButton 5:20
Operator ( 5:27
Value "Save Value" 5:28
Operator ) 5:29
Semicolon ; 5:30
Identifier saveButton 6:3
Operator . 6:4
Identifier addActionListener 6:21
Operator ( 6:31
Keyword this 6:32
Operator ) 6:36
Semicolon ; 6:37
Identifier refreshButton 7:3
Operator = 7:17
Keyword new 7:19
Identifier JButton 7:23
Operator ( 7:30
Value "Refresh Value" 7:31
Operator ) 7:32
Semicolon ; 7:33
Identifier refreshButton 8:3
Operator . 8:4
Identifier addActionListener 8:21
Operator ( 8:34
Keyword this 8:35
Operator ) 8:39
Semicolon ; 8:40
Identifier JPanel 9:3
Identifier valuePanel 9:10
Operator = 9:21
Keyword new 9:23
Identifier JPanel 9:27
Operator ( 9:33
Keyword new 9:34
Identifier FlowLayout 9:38
Operator ( 9:48
Identifier FlowLayout 9:49
Operator . 9:50
Identifier CENTER 9:56
Operator ) 9:66
Operator ) 9:67
Semicolon ; 9:68
Identifier valuePanel 10:3
Operator . 10:4
Identifier add 10:7
Operator ( 10:17
Identifier valueField 10:18
Operator ) 10:28
Semicolon ; 10:29
Identifier valuePanel 11:3
Operator . 11:4
Identifier add 11:7
Operator ( 11:17
Identifier saveButton 11:18
Operator ) 11:28
Semicolon ; 11:29
Identifier valuePanel 12:3
Operator . 12:4
Identifier add 12:7
Operator ( 12:17
Identifier refreshButton 12:18
Operator ) 12:31
Semicolon ; 12:32
Identifier secureMethod1Button 13:3
Operator = 13:23
Keyword new 13:25
Identifier JButton 13:29
Operator ( 13:36
Value "Method #1" 13:37
Operator ) 13:38
Semicolon ; 13:39
Identifier secureMethod3Button 14:3
Operator . 14:4
Identifier addActionListener 14:21
Operator ( 14:40
Keyword this 14:41
Operator ) 14:45
Semicolon ; 14:46
Identifier JPanel 15:3
Identifier methodPanel 15:10
Operator = 15:22
Keyword new 15:24
Identifier JPanel 15:28
Operator ( 15:34
Keyword new 15:35
Identifier FlowLayout 15:39
Operator ( 15:49
Identifier FlowLayout 15:50
Operator . 15:51
Identifier CENTER 15:57
Operator ) 15:67
Operator ) 15:68
Semicolon ; 15:69
Identifier methodPanel 16:3
Operator . 16:4
Identifier add 16:7
Operator ( 16:18
Identifier secureMethod1Button 16:19
Operator ) 16:38
Semicolon ; 16:39
Identifier methodPanel 17:3
Operator . 17:4
Identifier add 17:7
Operator ( 17:18
Identifier secureMethod2Button 17:19
Operator ) 17:38
Semicolon ; 17:39
Identifier methodPanel 18:3
Operator . 18:4
Identifier add 18:7
Operator ( 18:18
Identifier secureMethod3Button 18:19
Operator ) 18:38
Semicolon ; 18:39
Identifier frame 19:3
Operator = 19:9
Keyword new 19:11
Identifier JFrame 19:15
Operator ( 19:21
Value "Apache Shiro Sample Application" 19:22
Operator ) 19:23
Semicolon ; 19:24
Identifier frame 20:3
Operator . 20:4
Identifier setSize 20:11
Operator ( 20:16
Value 500 20:17
Comma , 20:20
Value 200 20:22
Operator ) 20:25
Semicolon ; 20:26
