Keyword import 1:1
Identifier java 1:8
Operator . 1:9
Identifier util 1:13
Operator . 1:14
Identifier Arrays 1:20
Semicolon ; 1:24
Keyword import 2:1
Identifier java 2:8
Operator . 2:9
Identifier util 2:13
Operator . 2:14
Identifier Scanner 2:21
Semicolon ; 2:25
Keyword class 4:1
Identifier Main 4:7
OpenBracket { 4:12
Identifier Scanner 6:3
Identifier input 6:11
Operator = 6:17
Keyword new 6:19
Identifier Scanner 6:23
Operator ( 6:30
Identifier System 6:31
Operator . 6:32
Identifier in 6:34
Operator ) 6:40
Semicolon ; 6:41
Type void 8:3
Identifier bubbleSort 8:8
Operator ( 8:18
Type int 8:19
Identifier array 8:23
Operator [ 8:28
Operator ] 8:29
Operator ) 8:30
OpenBracket { 8:32
Type int 9:5
Identifier size 9:9
Operator = 9:14
Identifier array 9:16
Operator . 9:17
Identifier length 9:23
Semicolon ; 9:28
Identifier System 11:5
Operator . 11:6
Identifier out 11:9
Operator . 11:10
Identifier println 11:17
Operator ( 11:23
Value "Choose Sorting Order:" 11:24
Operator ) 11:25
Semicolon ; 11:26
Identifier System 12:5
Operator . 12:6
Identifier out 12:9
Operator . 12:10
Identifier println 12:17
Operator ( 12:23
Value "1 for Ascending \n2 for Descending" 12:24
Operator ) 12:25
Semicolon ; 12:26
Type int 13:5
Identifier sortOrder 13:9
Operator = 13:19
Identifier input 13:21
Operator . 13:22
Identifier nextInt 13:29
Operator ( 13:34
Operator ) 13:35
Semicolon ; 13:36
Keyword for 15:5
Operator ( 15:9
Type int 15:10
Identifier i 15:14
Operator = 15:16
Value 0 15:18
Semicolon ; 15:19
Identifier i 15:21
Operator < 15:23
Identifier size 15:25
Operator - 15:30
Value 1 15:32
Semicolon ; 15:33
Identifier i 15:35
Operator ++ 15:36
Operator ) 15:38
Keyword for 17:7
Operator ( 17:11
Type int 17:12
Identifier j 17:16
Operator = 17:18
Value 0 17:20
Semicolon ; 17:21
Identifier j 17:23
Operator < 17:25
Identifier size 17:27
Operator - 17:32
Identifier i 17:34
Operator - 17:36
Value 1 17:38
Semicolon ; 17:39
Identifier j 17:41
Operator ++ 17:42
Operator ) 17:44
Keyword if 19:9
Operator ( 19:12
Identifier sortOrder 19:13
Operator == 19:23
Value 1 19:26
Operator ) 19:27
OpenBracket { 19:29
Keyword if 20:11
Operator ( 20:14
Identifier array 20:15
Operator [ 20:20
Identifier j 20:21
Operator ] 20:22
Operator > 20:24
Identifier array 20:26
Operator [ 20:31
Identifier j 20:32
Operator + 20:34
Value 1 20:36
Operator ] 20:37
Operator ) 20:38
OpenBracket { 20:40
Type int 22:13
Identifier temp 22:17
Operator = 22:22
Identifier array 22:24
Operator [ 22:29
Identifier j 22:30
Operator ] 22:31
Semicolon ; 22:32
Identifier array 23:13
Operator [ 23:18
Identifier j 23:19
Operator ] 23:20
Operator = 23:22
Identifier array 23:24
Operator [ 23:29
Identifier j 23:30
Operator + 23:32
Value 1 23:34
Operator ] 23:35
Semicolon ; 23:36
Identifier array 24:13
Operator [ 24:18
Identifier j 24:19
Operator + 24:21
Value 1 24:23
Operator ] 24:24
Operator = 24:26
Identifier temp 24:28
Semicolon ; 24:32
CloseBracket } 25:11
CloseBracket } 26:9
Keyword else 28:9
OpenBracket { 28:14
Keyword if 29:11
Operator ( 29:14
Identifier array 29:15
Operator [ 29:20
Identifier j 29:21
Operator ] 29:22
Operator < 29:24
Identifier array 29:26
Operator [ 29:31
Identifier j 29:32
Operator + 29:34
Value 1 29:36
Operator ] 29:37
Operator ) 29:38
OpenBracket { 29:40
Type int 31:13
Identifier temp 31:17
Operator = 31:22
Identifier array 31:24
Operator [ 31:29
Identifier j 31:30
Operator ] 31:31
Semicolon ; 31:32
Identifier array 32:13
Operator [ 32:18
Identifier j 32:19
Operator ] 32:20
Operator = 32:22
Identifier array 32:24
Operator [ 32:29
Identifier j 32:30
Operator + 32:32
Value 1 32:34
Operator ] 32:35
Semicolon ; 32:36
Identifier array 33:13
Operator [ 33:18
Identifier j 33:19
Operator + 33:21
Value 1 33:23
Operator ] 33:24
Operator = 33:26
Identifier temp 33:28
Semicolon ; 33:32
CloseBracket } 34:11
CloseBracket } 35:9
CloseBracket } 37:3
AccessModifier public 39:3
Keyword static 39:10
Type void 39:17
Identifier main 39:22
Operator ( 39:26
Identifier String 39:27
Identifier args 39:34
Operator [ 39:38
Operator ] 39:39
Operator ) 39:40
OpenBracket { 39:42
Type int 41:5
Operator [ 41:8
Operator ] 41:9
Identifier data 41:11
Operator = 41:16
OpenBracket { 41:18
Value -2 41:20
Comma , 41:22
Value 45 41:24
Comma , 41:26
Value 0 41:28
Comma , 41:29
Value 11 41:31
Comma , 41:33
Value -9 41:35
CloseBracket } 41:38
Semicolon ; 41:39
Identifier Main 42:5
Identifier bs 42:10
Operator = 42:13
Keyword new 42:15
Identifier Main 42:19
Operator ( 42:23
Operator ) 42:24
Semicolon ; 42:25
Identifier bs 44:5
Operator . 44:6
Identifier bubbleSort 44:16
Operator ( 44:18
Identifier data 44:19
Operator ) 44:23
Semicolon ; 44:24
Identifier System 45:5
Operator . 45:6
Identifier out 45:9
Operator . 45:10
Identifier println 45:17
Operator ( 45:23
Value "Sorted Array in Ascending Order:" 45:24
Operator ) 45:25
Semicolon ; 45:26
Identifier System 47:5
Operator . 47:6
Identifier out 47:9
Operator . 47:10
Identifier println 47:17
Operator ( 47:23
Identifier Arrays 47:24
Operator . 47:25
Identifier toString 47:33
Operator ( 47:39
Identifier data 47:40
Operator ) 47:44
Operator ) 47:45
Semicolon ; 47:46
CloseBracket } 48:3
CloseBracket } 49:1
