AccessModifier public 1:1
Keyword class 1:8
Identifier Average 1:14
OpenBracket { 1:22
AccessModifier public 3:5
Keyword static 3:12
Type void 3:19
Identifier main 3:24
Operator ( 3:28
Identifier String 3:29
Operator [ 3:35
Operator ] 3:36
Identifier args 3:38
Operator ) 3:42
OpenBracket { 3:44
Type double 4:9
Operator [ 4:15
Operator ] 4:16
Identifier numArray 4:18
Operator = 4:27
OpenBracket { 4:29
Value 45.3 4:31
Comma , 4:35
Value 67.5 4:37
Comma , 4:41
Value -45.6 4:43
Comma , 4:48
Value 20.34 4:50
Comma , 4:55
Value 33.0 4:57
Comma , 4:61
Value 45.6 4:63
CloseBracket } 4:68
Semicolon ; 4:69
Type double 5:9
Identifier sum 5:16
Operator = 5:20
Value 0.0 5:22
Semicolon ; 5:25
Keyword for 7:9
Operator ( 7:13
Type double 7:14
Identifier num: 7:21
Identifier numArray 7:26
Operator ) 7:34
OpenBracket { 7:36
Identifier sum 8:12
Operator += 8:16
Identifier num 8:19
Semicolon ; 8:22
CloseBracket } 9:9
Type double 11:9
Identifier average 11:16
Operator = 11:24
Identifier sum 11:26
Operator / 11:30
Identifier numArray 11:32
Operator . 11:33
Identifier length 11:39
Semicolon ; 11:47
Identifier System 12:9
Operator . 12:10
Identifier out 12:13
Operator . 12:14
Identifier format 12:20
Operator ( 12:26
Value "The average is: %.2f" 12:27
Comma , 12:28
Identifier average 12:30
Operator ) 12:37
Semicolon ; 12:38
CloseBracket } 13:5
CloseBracket } 14:1
