AccessModifier public 1:1
Keyword class 1:8
Identifier AddMatrices 1:14
OpenBracket { 1:26
AccessModifier public 3:5
Keyword static 3:12
Type void 3:19
Identifier main 3:24
Operator ( 3:28
Identifier String 3:29
Operator [ 3:35
Operator ] 3:36
Identifier args 3:38
Operator ) 3:42
OpenBracket { 3:44
Type int 4:9
Identifier rows 4:13
Operator = 4:18
Value 2 4:20
Comma , 4:21
Identifier columns 4:23
Operator = 4:31
Value 3 4:33
Semicolon ; 4:34
Type int 5:9
Operator [ 5:12
Operator ] 5:13
Operator [ 5:14
Operator ] 5:15
Identifier firstMatrix 5:17
Operator = 5:29
OpenBracket { 5:31
OpenBracket { 5:33
Value 2 5:34
Comma , 5:35
Value 3 5:37
Comma , 5:38
Value 4 5:40
CloseBracket } 5:41
Comma , 5:42
OpenBracket { 5:44
Value 5 5:45
Comma , 5:46
Value 2 5:48
Comma , 5:49
Value 3 5:51
CloseBracket } 5:52
CloseBracket } 5:54
Semicolon ; 5:55
Type int 6:9
Operator [ 6:12
Operator ] 6:13
Operator [ 6:14
Operator ] 6:15
Identifier secondMatrix 6:17
Operator = 6:30
OpenBracket { 6:32
OpenBracket { 6:34
Value -4 6:35
Comma , 6:37
Value 5 6:39
Comma , 6:40
Value 3 6:42
CloseBracket } 6:43
Comma , 6:44
OpenBracket { 6:46
Value 5 6:47
Comma , 6:48
Value 6 6:50
Comma , 6:51
Value 3 6:53
CloseBracket } 6:54
CloseBracket } 6:56
Semicolon ; 6:57
Type int 8:9
Operator [ 8:12
Operator ] 8:13
Operator [ 8:14
Operator ] 8:15
Identifier sum 8:17
Operator = 8:21
Keyword new 8:23
Type int 8:27
Operator [ 8:30
Identifier rows 8:31
Operator ] 8:35
Operator [ 8:36
Identifier columns 8:37
Operator ] 8:44
Semicolon ; 8:45
Keyword for 9:9
Operator ( 9:12
Type int 9:13
Identifier i 9:17
Operator = 9:19
Value 0 9:21
Semicolon ; 9:22
Identifier i 9:24
Operator < 9:26
Identifier rows 9:28
Semicolon ; 9:32
Identifier i 9:34
Operator ++ 9:35
Operator ) 9:37
OpenBracket { 9:39
Keyword for 10:13
Operator ( 10:17
Type int 10:18
Identifier j 10:22
Operator = 10:24
Value 0 10:26
Semicolon ; 10:27
Identifier j 10:29
Operator < 10:31
Identifier columns 10:33
Semicolon ; 10:40
Identifier j 10:42
Operator ++ 10:43
Operator ) 10:45
OpenBracket { 10:47
Identifier sum 11:17
Operator [ 11:20
Identifier i 11:21
Operator ] 11:22
Operator [ 11:23
Identifier j 11:24
Operator ] 11:25
Operator = 11:27
Identifier firstMatrix 11:29
Operator [ 11:40
Identifier i 11:41
Operator ] 11:42
Operator [ 11:43
Identifier j 11:44
Operator ] 11:45
Operator + 11:47
Identifier secondMatrix 11:49
Operator [ 11:61
Identifier i 11:62
Operator ] 11:63
Operator [ 11:64
Identifier j 11:65
Operator ] 11:66
Semicolon ; 11:67
CloseBracket } 12:13
CloseBracket } 13:9
Identifier System 15:9
Operator . 15:10
Identifier out 15:13
Operator . 15:14
Identifier println 15:21
Operator ( 15:27
Value "Sum of two matrices is: " 15:28
Operator ) 15:29
Semicolon ; 15:30
Keyword for 16:9
Operator ( 16:12
Type int 16:13
Operator [ 16:16
Operator ] 16:17
Identifier row 16:19
Identifier : 16:23
Identifier sum 16:25
Operator ) 16:28
OpenBracket { 16:30
Keyword for 17:13
Operator ( 17:17
Type int 17:18
Identifier column 17:22
Identifier : 17:29
Identifier row 17:31
Operator ) 17:34
OpenBracket { 17:36
Identifier System 18:17
Operator . 18:18
Identifier out 18:21
Operator . 18:22
Identifier print 18:27
Operator ( 18:33
Identifier column 18:34
Operator + 18:41
Value "    " 18:43
Operator ) 18:44
Semicolon ; 18:45
CloseBracket } 19:13
Identifier System 20:13
Operator . 20:14
Identifier out 20:17
Operator . 20:18
Identifier println 20:25
Operator ( 20:31
Operator ) 20:32
Semicolon ; 20:33
CloseBracket } 21:9
CloseBracket } 22:5
CloseBracket } 23:1
