public class Program
{
	public static void Main(String[] args)
	{
		for (int i = 0; i < 10; i++)
		{
			int a;
		}
	}
}