public class Program
{
	public static void Main(String[] args)
	{
		int b = 15;
		if(b == 15)
		{
			int a = 21;
		}
		else if(b != 41)
		{
			int c = 12;
		}
	}
}